<generatedTop>
  <k>
    int ( 1 , 2 )
  </k>
  <env>
    .Map
  </env>
  <store>
    0 |-> closure ( .Map , ft , ( lam ff ( fun #unit alpha ) [ ff #unitval ] ) )
    1 |-> int ( 1 , 1 )
    2 |-> int ( 1 , 2 )
    3 |-> closure ( cb |-> 0
    cf |-> 2
    ct |-> 1 , cx , ct )
    4 |-> closure ( cb |-> 0
    cf |-> 2
    ct |-> 1 , cx , cf )
    5 |-> closure ( ff |-> 4
    ft |-> 3 , ux , ux )
  </store>
</generatedTop>
